!** Map file for BonitaStudio product build
!** Because of Eclipse bug 285836, we use path to set the tag instead of the tag property

!** Features
feature@studio-feature=SVN,url=https://svn.bonitasoft.org/,tag=bos-studio,path=XXX_TAG_XXX/releng/org.bonitasoft.studio-feature,username=hudson,password=Unph9tlVD0
feature@org.bonitasoft.studio.bos=SVN,url=https://svn.bonitasoft.org/,tag=bos-studio,path=XXX_TAG_XXX/releng/org.bonitasoft.studio.bos-feature,username=hudson,password=Unph9tlVD0
feature@org.bonitasoft.studio.translations=SVN,url=https://svn.bonitasoft.org/,tag=bos-studio,path=XXX_TAG_XXX/translations/org.bonitasoft.studio.translations-feature,username=hudson,password=Unph9tlVD0
feature@org.bonitasoft.studio.bos.translations=SVN,url=https://svn.bonitasoft.org/,tag=bos-studio,path=XXX_TAG_XXX/translations/org.bonitasoft.studio.bos.translations-feature,username=hudson,password=Unph9tlVD0
feature@org.bonitasoft.studio.branding=SVN,url=https://svn.bonitasoft.org/,tag=bos-studio,path=XXX_TAG_XXX/releng/org.bonitasoft.studio.branding,username=hudson,password=Unph9tlVD0
feature@org.bonitasoft.studio.talend.branding=SVN,url=https://svn.bonitasoft.org/,tag=bos-studio,path=XXX_TAG_XXX/talend-bpm/org.bonitasoft.studio.talend.branding,username=hudson,password=Unph9tlVD0

!** Main plugins
plugin@org.bonitasoft.studio=SVN,url=https://svn.bonitasoft.org/,tag=bos-studio,path=XXX_TAG_XXX/releng/org.bonitasoft.studio-product,username=hudson,password=Unph9tlVD0
plugin@org.bonitasoft.studio.application=SVN,url=https://svn.bonitasoft.org/,tag=bos-studio,path=XXX_TAG_XXX/plugins/org.bonitasoft.studio.application,username=hudson,password=Unph9tlVD0
plugin@org.bonitasoft.studio.intro=SVN,url=https://svn.bonitasoft.org/,tag=bos-studio,path=XXX_TAG_XXX/plugins/org.bonitasoft.studio.intro,username=hudson,password=Unph9tlVD0
plugin@org.bonitasoft.studio-models=SVN,url=https://svn.bonitasoft.org/,tag=bos-studio,path=XXX_TAG_XXX/plugins/org.bonitasoft.studio-models,username=hudson,password=Unph9tlVD0
!** model and model.edit plugins are generated from genmodel with emf2java in postFetch step
!** model.edit contains icons
plugin@org.bonitasoft.studio.model.edit=SVN,url=https://svn.bonitasoft.org/,tag=bos-studio,path=XXX_TAG_XXX/plugins/org.bonitasoft.studio.model.edit,username=hudson,password=Unph9tlVD0
plugin@org.bonitasoft.studio.repository=SVN,url=https://svn.bonitasoft.org/,tag=bos-studio,path=XXX_TAG_XXX/plugins/org.bonitasoft.studio.repository,username=hudson,password=Unph9tlVD0
plugin@org.bonitasoft.studio.common.repository=SVN,url=https://svn.bonitasoft.org/,tag=bos-studio,path=XXX_TAG_XXX/plugins/org.bonitasoft.studio.common.repository,username=hudson,password=Unph9tlVD0
plugin@org.bonitasoft.studio.repository.connectors=SVN,url=https://svn.bonitasoft.org/,tag=bos-studio,path=XXX_TAG_XXX/plugins/org.bonitasoft.studio.repository.connectors,username=hudson,password=Unph9tlVD0
plugin@org.bonitasoft.studio.xml=SVN,url=https://svn.bonitasoft.org/,tag=bos-studio,path=XXX_TAG_XXX/plugins/org.bonitasoft.studio.xml,username=hudson,password=Unph9tlVD0
plugin@org.bonitasoft.studio.workspace=SVN,url=https://svn.bonitasoft.org/,tag=bos-studio,path=XXX_TAG_XXX/plugins/org.bonitasoft.studio.workspace,username=hudson,password=Unph9tlVD0
plugin@org.bonitasoft.studio.common=SVN,url=https://svn.bonitasoft.org/,tag=bos-studio,path=XXX_TAG_XXX/plugins/org.bonitasoft.studio.common,username=hudson,password=Unph9tlVD0
plugin@org.bonitasoft.studio.common.diagram=SVN,url=https://svn.bonitasoft.org/,tag=bos-studio,path=XXX_TAG_XXX/plugins/org.bonitasoft.studio.common.diagram,username=hudson,password=Unph9tlVD0
plugin@org.bonitasoft.studio.properties=SVN,url=https://svn.bonitasoft.org/,tag=bos-studio,path=XXX_TAG_XXX/plugins/org.bonitasoft.studio.properties,username=hudson,password=Unph9tlVD0
!** Engine and console are rebuilt at postFetch
plugin@org.bonitasoft.studio.engine.libs=SVN,url=https://svn.bonitasoft.org/,tag=bos-studio,path=XXX_TAG_XXX/plugins/org.bonitasoft.studio.engine.libs,username=hudson,password=Unph9tlVD0
plugin@org.bonitasoft.studio.engine=SVN,url=https://svn.bonitasoft.org/,tag=bos-studio,path=XXX_TAG_XXX/plugins/org.bonitasoft.studio.engine,username=hudson,password=Unph9tlVD0
plugin@org.bonitasoft.studio.console.libs=SVN,url=https://svn.bonitasoft.org/,tag=bos-studio,path=XXX_TAG_XXX/plugins/org.bonitasoft.studio.console.libs,username=hudson,password=Unph9tlVD0
plugin@org.bonitasoft.studio.pics=SVN,url=https://svn.bonitasoft.org/,tag=bos-studio,path=XXX_TAG_XXX/plugins/org.bonitasoft.studio.pics,username=hudson,password=Unph9tlVD0
plugin@org.bonitasoft.studio.data=SVN,url=https://svn.bonitasoft.org/,tag=bos-studio,path=XXX_TAG_XXX/plugins/org.bonitasoft.studio.data,username=hudson,password=Unph9tlVD0
!** Process and form Diagrams are generated from gmfgen
plugin@org.bonitasoft.studio.diagram=SVN,url=https://svn.bonitasoft.org/,tag=bos-studio,path=XXX_TAG_XXX/plugins/org.bonitasoft.studio.diagram,username=hudson,password=Unph9tlVD0
plugin@org.bonitasoft.studio.diagram.custom=SVN,url=https://svn.bonitasoft.org/,tag=bos-studio,path=XXX_TAG_XXX/plugins/org.bonitasoft.studio.diagram.custom,username=hudson,password=Unph9tlVD0
plugin@org.bonitasoft.studio.diagram.form=SVN,url=https://svn.bonitasoft.org/,tag=bos-studio,path=XXX_TAG_XXX/plugins/org.bonitasoft.studio.diagram.form,username=hudson,password=Unph9tlVD0
plugin@org.bonitasoft.studio.diagram.form.custom=SVN,url=https://svn.bonitasoft.org/,tag=bos-studio,path=XXX_TAG_XXX/plugins/org.bonitasoft.studio.diagram.form.custom,username=hudson,password=Unph9tlVD0
plugin@org.bonitasoft.studio.diagram.form.properties=SVN,url=https://svn.bonitasoft.org/,tag=bos-studio,path=XXX_TAG_XXX/plugins/org.bonitasoft.studio.diagram.form.properties,username=hudson,password=Unph9tlVD0
plugin@org.bonitasoft.studio.preferences=SVN,url=https://svn.bonitasoft.org/,tag=bos-studio,path=XXX_TAG_XXX/plugins/org.bonitasoft.studio.preferences,username=hudson,password=Unph9tlVD0
plugin@org.bonitasoft.studio.presentation=SVN,url=https://svn.bonitasoft.org/,tag=bos-studio,path=XXX_TAG_XXX/plugins/org.bonitasoft.studio.presentation,username=hudson,password=Unph9tlVD0
plugin@org.bonitasoft.studio.exporter=SVN,url=https://svn.bonitasoft.org/,tag=bos-studio,path=XXX_TAG_XXX/plugins/org.bonitasoft.studio.exporter,username=hudson,password=Unph9tlVD0
plugin@org.bonitasoft.studio.groovy=SVN,url=https://svn.bonitasoft.org/,tag=bos-studio,path=XXX_TAG_XXX/plugins/org.bonitasoft.studio.groovy,username=hudson,password=Unph9tlVD0
plugin@org.bonitasoft.studio.groovy.ui=SVN,url=https://svn.bonitasoft.org/,tag=bos-studio,path=XXX_TAG_XXX/plugins/org.bonitasoft.studio.groovy.ui,username=hudson,password=Unph9tlVD0
plugin@org.bonitasoft.studio.connectors=SVN,url=https://svn.bonitasoft.org/,tag=bos-studio,path=XXX_TAG_XXX/plugins/org.bonitasoft.studio.connectors,username=hudson,password=Unph9tlVD0
plugin@org.bonitasoft.studio.validation=SVN,url=https://svn.bonitasoft.org/,tag=bos-studio,path=XXX_TAG_XXX/plugins/org.bonitasoft.studio.validation,username=hudson,password=Unph9tlVD0
plugin@org.bonitasoft.studio.registration=SVN,url=https://svn.bonitasoft.org/,tag=bos-studio,path=XXX_TAG_XXX/plugins/org.bonitasoft.studio.registration,username=hudson,password=Unph9tlVD0
plugin@org.bonitasoft.studio.simulation=SVN,url=https://svn.bonitasoft.org/,tag=bos-studio,path=XXX_TAG_XXX/plugins/org.bonitasoft.studio.simulation,username=hudson,password=Unph9tlVD0
plugin@org.bonitasoft.studio.simulation.libs=SVN,url=https://svn.bonitasoft.org/,tag=bos-studio,path=XXX_TAG_XXX/plugins/org.bonitasoft.studio.simulation.libs,username=hudson,password=Unph9tlVD0
plugin@org.bonitasoft.studio.decision.core=SVN,url=https://svn.bonitasoft.org/,tag=bos-studio,path=XXX_TAG_XXX/plugins/org.bonitasoft.studio.decision.core,username=hudson,password=Unph9tlVD0
plugin@org.bonitasoft.studio.decision.ui=SVN,url=https://svn.bonitasoft.org/,tag=bos-studio,path=XXX_TAG_XXX/plugins/org.bonitasoft.studio.decision.ui,username=hudson,password=Unph9tlVD0
plugin@org.bonitasoft.studio.model.edit.custom=SVN,url=https://svn.bonitasoft.org/,tag=bos-studio,path=XXX_TAG_XXX/plugins/org.bonitasoft.studio.model.edit.custom,username=hudson,password=Unph9tlVD0
plugin@org.bonitasoft.studio.debug=SVN,url=https://svn.bonitasoft.org/,tag=bos-studio,path=XXX_TAG_XXX/plugins/org.bonitasoft.studio.debug,username=hudson,password=Unph9tlVD0
plugin@org.bonitasoft.studio.profiles=SVN,url=https://svn.bonitasoft.org/,tag=bos-studio,path=XXX_TAG_XXX/plugins/org.bonitasoft.studio.profiles,username=hudson,password=Unph9tlVD0
plugin@org.bonitasoft.studio.userguidance=SVN,url=https://svn.bonitasoft.org/,tag=bos-studio,path=XXX_TAG_XXX/plugins/org.bonitasoft.studio.userguidance,username=hudson,password=Unph9tlVD0
plugin@org.bonitasoft.studio.repository.themes=SVN,url=https://svn.bonitasoft.org/,tag=bos-studio,path=XXX_TAG_XXX/plugins/org.bonitasoft.studio.repository.themes,username=hudson,password=Unph9tlVD0
plugin@org.bonitasoft.studio.expression.editor=SVN,url=https://svn.bonitasoft.org/,tag=bos-studio,path=XXX_TAG_XXX/plugins/org.bonitasoft.studio.expression.editor,username=hudson,password=Unph9tlVD0
plugin@org.bonitasoft.studio.scripting=SVN,url=https://svn.bonitasoft.org/,tag=bos-studio,path=XXX_TAG_XXX/plugins/org.bonitasoft.studio.scripting,username=hudson,password=Unph9tlVD0
plugin@org.bonitasoft.studio.actors=SVN,url=https://svn.bonitasoft.org/,tag=bos-studio,path=XXX_TAG_XXX/plugins/org.bonitasoft.studio.actors,username=hudson,password=Unph9tlVD0
plugin@org.bonitasoft.studio.configuration=SVN,url=https://svn.bonitasoft.org/,tag=bos-studio,path=XXX_TAG_XXX/plugins/org.bonitasoft.studio.configuration,username=hudson,password=Unph9tlVD0
plugin@org.bonitasoft.studio.examples=SVN,url=https://svn.bonitasoft.org/,tag=bos-studio,path=XXX_TAG_XXX/plugins/org.bonitasoft.studio.examples,username=hudson,password=Unph9tlVD0
plugin@org.bonitasoft.studio.validators=SVN,url=https://svn.bonitasoft.org/,tag=bos-studio,path=XXX_TAG_XXX/plugins/org.bonitasoft.studio.validators,username=hudson,password=Unph9tlVD0
plugin@org.bonitasoft.studio.dependencies=SVN,url=https://svn.bonitasoft.org/,tag=bos-studio,path=XXX_TAG_XXX/plugins/org.bonitasoft.studio.dependencies,username=hudson,password=Unph9tlVD0
plugin@org.bonitasoft.studio.connectors.model=SVN,url=https://svn.bonitasoft.org/,tag=bos-studio,path=XXX_TAG_XXX/plugins/org.bonitasoft.studio.connectors.model,username=hudson,password=Unph9tlVD0
plugin@org.bonitasoft.studio.importer.bos=SVN,url=https://svn.bonitasoft.org/,tag=bos-studio,path=XXX_TAG_XXX/plugins/org.bonitasoft.studio.importer.bos,username=hudson,password=Unph9tlVD0
plugin@org.bonitasoft.studio.connectors.model.edit=SVN,url=https://svn.bonitasoft.org/,tag=bos-studio,path=XXX_TAG_XXX/plugins/org.bonitasoft.studio.connectors.model.edit,username=hudson,password=Unph9tlVD0
fragment@org.bonitasoft.studio.logging.extension=SVN,url=https://svn.bonitasoft.org/,tag=bos-studio,path=XXX_TAG_XXX/plugins/org.bonitasoft.studio.logging.extension,username=hudson,password=Unph9tlVD0


!** Import
plugin@org.omg.schema.spec.bpmn=SVN,url=https://svn.bonitasoft.org/,tag=bos-studio,path=XXX_TAG_XXX/plugins/org.omg.schema.spec.bpmn,username=hudson,password=Unph9tlVD0
plugin@org.bonitasoft.studio.xpdl=SVN,url=https://svn.bonitasoft.org/,tag=bos-studio,path=XXX_TAG_XXX/plugins/org.bonitasoft.studio.xpdl,username=hudson,password=Unph9tlVD0
plugin@org.bonitasoft.studio.importer=SVN,url=https://svn.bonitasoft.org/,tag=bos-studio,path=XXX_TAG_XXX/plugins/org.bonitasoft.studio.importer,username=hudson,password=Unph9tlVD0
plugin@org.bonitasoft.studio.jpdl=SVN,url=https://svn.bonitasoft.org/,tag=bos-studio,path=XXX_TAG_XXX/plugins/org.bonitasoft.studio.jpdl,username=hudson,password=Unph9tlVD0

!**Wizard Extension Plugin
plugin@org.bonitasoft.studio.connector.wizard.sap=SVN,url=https://svn.bonitasoft.org/,tag=bos-studio,path=XXX_TAG_XXX/plugins/org.bonitasoft.studio.connector.wizard.sap,username=hudson,password=Unph9tlVD0
plugin@org.bonitasoft.studio.connectors.wizards.java=SVN,url=https://svn.bonitasoft.org/,tag=bos-studio,path=XXX_TAG_XXX/plugins/org.bonitasoft.studio.connector.wizard.java,username=hudson,password=Unph9tlVD0

!** External dependencies
!** retrieve from platform now
!** plugin@org.apache.commons.lang,2.4.0=GET,http://download.eclipse.org/tools/orbit/downloads/drops/R20090825191606/bundles/org.apache.commons.lang_2.4.0.v20081016-1030.jar

!**specific to bos
plugin@org.bonitasoft.studio.properties.bos=SVN,url=https://svn.bonitasoft.org/,tag=bos-studio,path=XXX_TAG_XXX/plugins/org.bonitasoft.studio.properties.bos,username=hudson,password=Unph9tlVD0

!**patched plugin
plugin@org.eclipse.ui.views.properties.tabbed=SVN,url=https://svn.bonitasoft.org/,tag=bos-studio,path=XXX_TAG_XXX/patched-plugins/org.eclipse.ui.views.properties.tabbed,username=hudson,password=Unph9tlVD0
plugin@org.eclipse.gmf.runtime.lite.svg=SVN,url=https://svn.bonitasoft.org/,tag=bos-studio,path=XXX_TAG_XXX/patched-plugins/org.eclipse.gmf.runtime.lite.svg,username=hudson,password=Unph9tlVD0


!** Birt integration required pde.ui->ant.ui->jdt.junit->jdt.junit.runtime->junit with right version ::: no more need?
!** plugin@org.eclipse.jdt.junit.runtime=v20091201-0800,:pserver:anonymous:@dev.eclipse.org:/cvsroot/eclipse,,org.eclipse.jdt.junit.runtime

!** Talend fragment
fragment@org.bonitasoft.studio.pics.talend_bpm=SVN,url=https://svn.bonitasoft.org/,tag=bos-studio,path=XXX_TAG_XXX/talend-bpm/org.bonitasoft.studio.pics.talend_bpm,username=hudson,password=Unph9tlVD0
fragment@org.bonitasoft.studio.repository.themes.talend_bpm=SVN,url=https://svn.bonitasoft.org/,tag=bos-studio,path=XXX_TAG_XXX/talend-bpm/org.bonitasoft.studio.repository.themes.talend_bpm,username=hudson,password=Unph9tlVD0

!** Bonitasoft fragment
fragment@org.bonitasoft.studio.pics.bonitasoft=SVN,url=https://svn.bonitasoft.org/,tag=bos-studio,path=XXX_TAG_XXX/plugins/org.bonitasoft.studio.pics.bonitasoft,username=hudson,password=Unph9tlVD0
fragment@org.bonitasoft.studio.repository.themes.bonitasoft=SVN,url=https://svn.bonitasoft.org/,tag=bos-studio,path=XXX_TAG_XXX/plugins/org.bonitasoft.studio.repository.themes.bonitasoft,username=hudson,password=Unph9tlVD0
