fragment@org.bonitasoft.studio.groovy.nl_de=SVN,url=https://svn.bonitasoft.org/,tag=bos-studio,path=XXX_TAG_XXX/translations/de/org.bonitasoft.studio.groovy.nl_de,username=hudson,password=Unph9tlVD0
fragment@org.bonitasoft.studio.repository.connectors.nl_de=SVN,url=https://svn.bonitasoft.org/,tag=bos-studio,path=XXX_TAG_XXX/translations/de/org.bonitasoft.studio.repository.connectors.nl_de,username=hudson,password=Unph9tlVD0
fragment@org.bonitasoft.studio.diagram.form.properties.nl_de=SVN,url=https://svn.bonitasoft.org/,tag=bos-studio,path=XXX_TAG_XXX/translations/de/org.bonitasoft.studio.diagram.form.properties.nl_de,username=hudson,password=Unph9tlVD0
fragment@org.omg.schema.spec.bpmn.nl_de=SVN,url=https://svn.bonitasoft.org/,tag=bos-studio,path=XXX_TAG_XXX/translations/de/org.omg.schema.spec.bpmn.nl_de,username=hudson,password=Unph9tlVD0
fragment@org.bonitasoft.studio.exporter.nl_de=SVN,url=https://svn.bonitasoft.org/,tag=bos-studio,path=XXX_TAG_XXX/translations/de/org.bonitasoft.studio.exporter.nl_de,username=hudson,password=Unph9tlVD0
fragment@org.bonitasoft.studio.intro.nl_de=SVN,url=https://svn.bonitasoft.org/,tag=bos-studio,path=XXX_TAG_XXX/translations/de/org.bonitasoft.studio.intro.nl_de,username=hudson,password=Unph9tlVD0
fragment@org.bonitasoft.studio.application.nl_de=SVN,url=https://svn.bonitasoft.org/,tag=bos-studio,path=XXX_TAG_XXX/translations/de/org.bonitasoft.studio.application.nl_de,username=hudson,password=Unph9tlVD0
fragment@org.bonitasoft.studio.debug.nl_de=SVN,url=https://svn.bonitasoft.org/,tag=bos-studio,path=XXX_TAG_XXX/translations/de/org.bonitasoft.studio.debug.nl_de,username=hudson,password=Unph9tlVD0
fragment@org.bonitasoft.studio.preferences.nl_de=SVN,url=https://svn.bonitasoft.org/,tag=bos-studio,path=XXX_TAG_XXX/translations/de/org.bonitasoft.studio.preferences.nl_de,username=hudson,password=Unph9tlVD0
fragment@org.bonitasoft.studio.connectors.wizards.java.nl_de=SVN,url=https://svn.bonitasoft.org/,tag=bos-studio,path=XXX_TAG_XXX/translations/de/org.bonitasoft.studio.connectors.wizards.java.nl_de,username=hudson,password=Unph9tlVD0
fragment@org.bonitasoft.studio.connectors.nl_de=SVN,url=https://svn.bonitasoft.org/,tag=bos-studio,path=XXX_TAG_XXX/translations/de/org.bonitasoft.studio.connectors.nl_de,username=hudson,password=Unph9tlVD0
fragment@org.bonitasoft.studio.engine.nl_de=SVN,url=https://svn.bonitasoft.org/,tag=bos-studio,path=XXX_TAG_XXX/translations/de/org.bonitasoft.studio.engine.nl_de,username=hudson,password=Unph9tlVD0
fragment@org.bonitasoft.studio.datas.nl_de=SVN,url=https://svn.bonitasoft.org/,tag=bos-studio,path=XXX_TAG_XXX/translations/de/org.bonitasoft.studio.datas.nl_de,username=hudson,password=Unph9tlVD0
fragment@org.bonitasoft.studio.presentation.nl_de=SVN,url=https://svn.bonitasoft.org/,tag=bos-studio,path=XXX_TAG_XXX/translations/de/org.bonitasoft.studio.presentation.nl_de,username=hudson,password=Unph9tlVD0
fragment@org.bonitasoft.studio.model.edit.custom.nl_de=SVN,url=https://svn.bonitasoft.org/,tag=bos-studio,path=XXX_TAG_XXX/translations/de/org.bonitasoft.studio.model.edit.custom.nl_de,username=hudson,password=Unph9tlVD0
fragment@org.bonitasoft.studio.decision.ui.nl_de=SVN,url=https://svn.bonitasoft.org/,tag=bos-studio,path=XXX_TAG_XXX/translations/de/org.bonitasoft.studio.decision.ui.nl_de,username=hudson,password=Unph9tlVD0
fragment@org.bonitasoft.studio.xml.nl_de=SVN,url=https://svn.bonitasoft.org/,tag=bos-studio,path=XXX_TAG_XXX/translations/de/org.bonitasoft.studio.xml.nl_de,username=hudson,password=Unph9tlVD0
fragment@org.bonitasoft.studio.diagram.custom.nl_de=SVN,url=https://svn.bonitasoft.org/,tag=bos-studio,path=XXX_TAG_XXX/translations/de/org.bonitasoft.studio.diagram.custom.nl_de,username=hudson,password=Unph9tlVD0
fragment@org.bonitasoft.studio.common.repository.nl_de=SVN,url=https://svn.bonitasoft.org/,tag=bos-studio,path=XXX_TAG_XXX/translations/de/org.bonitasoft.studio.common.repository.nl_de,username=hudson,password=Unph9tlVD0
fragment@org.bonitasoft.studio.registration.nl_de=SVN,url=https://svn.bonitasoft.org/,tag=bos-studio,path=XXX_TAG_XXX/translations/de/org.bonitasoft.studio.registration.nl_de,username=hudson,password=Unph9tlVD0
fragment@org.bonitasoft.studio.validation.nl_de=SVN,url=https://svn.bonitasoft.org/,tag=bos-studio,path=XXX_TAG_XXX/translations/de/org.bonitasoft.studio.validation.nl_de,username=hudson,password=Unph9tlVD0
fragment@org.bonitasoft.studio.simulation.nl_de=SVN,url=https://svn.bonitasoft.org/,tag=bos-studio,path=XXX_TAG_XXX/translations/de/org.bonitasoft.studio.simulation.nl_de,username=hudson,password=Unph9tlVD0
fragment@org.bonitasoft.studio.decision.core.nl_de=SVN,url=https://svn.bonitasoft.org/,tag=bos-studio,path=XXX_TAG_XXX/translations/de/org.bonitasoft.studio.decision.core.nl_de,username=hudson,password=Unph9tlVD0
fragment@org.bonitasoft.studio.groovy.ui.nl_de=SVN,url=https://svn.bonitasoft.org/,tag=bos-studio,path=XXX_TAG_XXX/translations/de/org.bonitasoft.studio.groovy.ui.nl_de,username=hudson,password=Unph9tlVD0
fragment@org.bonitasoft.studio.remotedeploy.nl_de=SVN,url=https://svn.bonitasoft.org/,tag=bos-studio,path=XXX_TAG_XXX/translations/de/org.bonitasoft.studio.remotedeploy.nl_de,username=hudson,password=Unph9tlVD0
fragment@org.bonitasoft.studio.importer.nl_de=SVN,url=https://svn.bonitasoft.org/,tag=bos-studio,path=XXX_TAG_XXX/translations/de/org.bonitasoft.studio.importer.nl_de,username=hudson,password=Unph9tlVD0
fragment@org.bonitasoft.studio.connector.wizard.sap.nl_de=SVN,url=https://svn.bonitasoft.org/,tag=bos-studio,path=XXX_TAG_XXX/translations/de/org.bonitasoft.studio.connector.wizard.sap.nl_de,username=hudson,password=Unph9tlVD0
fragment@org.bonitasoft.studio.properties.nl_de=SVN,url=https://svn.bonitasoft.org/,tag=bos-studio,path=XXX_TAG_XXX/translations/de/org.bonitasoft.studio.properties.nl_de,username=hudson,password=Unph9tlVD0
fragment@org.bonitasoft.studio.diagram.form.custom.nl_de=SVN,url=https://svn.bonitasoft.org/,tag=bos-studio,path=XXX_TAG_XXX/translations/de/org.bonitasoft.studio.diagram.form.custom.nl_de,username=hudson,password=Unph9tlVD0
fragment@org.bonitasoft.studio.repository.nl_de=SVN,url=https://svn.bonitasoft.org/,tag=bos-studio,path=XXX_TAG_XXX/translations/de/org.bonitasoft.studio.repository.nl_de,username=hudson,password=Unph9tlVD0
fragment@org.bonitasoft.studio.connectors.evaluation.nl_de=SVN,url=https://svn.bonitasoft.org/,tag=bos-studio,path=XXX_TAG_XXX/translations/de/org.bonitasoft.studio.connectors.evaluation.nl_de,username=hudson,password=Unph9tlVD0
fragment@org.bonitasoft.studio.console.nl_de=SVN,url=https://svn.bonitasoft.org/,tag=bos-studio,path=XXX_TAG_XXX/translations/de/org.bonitasoft.studio.console.nl_de,username=hudson,password=Unph9tlVD0
fragment@org.bonitasoft.studio.common.nl_de=SVN,url=https://svn.bonitasoft.org/,tag=bos-studio,path=XXX_TAG_XXX/translations/de/org.bonitasoft.studio.common.nl_de,username=hudson,password=Unph9tlVD0
fragment@org.bonitasoft.studio.jpdl.nl_de=SVN,url=https://svn.bonitasoft.org/,tag=bos-studio,path=XXX_TAG_XXX/translations/de/org.bonitasoft.studio.jpdl.nl_de,username=hudson,password=Unph9tlVD0