fragment@org.bonitasoft.studio.groovy.nl_es=COPY,XXX_ROOT_LOCATION_XXX,XXX_PLUGIN_LOCATION_XXX/org.bonitasoft.studio.groovy.nl_es
fragment@org.bonitasoft.studio.repository.connectors.nl_es=COPY,XXX_ROOT_LOCATION_XXX,XXX_PLUGIN_LOCATION_XXX/org.bonitasoft.studio.repository.connectors.nl_es
fragment@org.bonitasoft.studio.diagram.form.properties.nl_es=COPY,XXX_ROOT_LOCATION_XXX,XXX_PLUGIN_LOCATION_XXX/org.bonitasoft.studio.diagram.form.properties.nl_es
fragment@org.omg.schema.spec.bpmn.nl_es=COPY,XXX_ROOT_LOCATION_XXX,XXX_PLUGIN_LOCATION_XXX/org.omg.schema.spec.bpmn.nl_es
fragment@org.bonitasoft.studio.exporter.nl_es=COPY,XXX_ROOT_LOCATION_XXX,XXX_PLUGIN_LOCATION_XXX/org.bonitasoft.studio.exporter.nl_es
fragment@org.bonitasoft.studio.intro.nl_es=COPY,XXX_ROOT_LOCATION_XXX,XXX_PLUGIN_LOCATION_XXX/org.bonitasoft.studio.intro.nl_es
fragment@org.bonitasoft.studio.application.nl_es=COPY,XXX_ROOT_LOCATION_XXX,XXX_PLUGIN_LOCATION_XXX/org.bonitasoft.studio.application.nl_es
fragment@org.bonitasoft.studio.debug.nl_es=COPY,XXX_ROOT_LOCATION_XXX,XXX_PLUGIN_LOCATION_XXX/org.bonitasoft.studio.debug.nl_es
fragment@org.bonitasoft.studio.preferences.nl_es=COPY,XXX_ROOT_LOCATION_XXX,XXX_PLUGIN_LOCATION_XXX/org.bonitasoft.studio.preferences.nl_es
fragment@org.bonitasoft.studio.connectors.wizards.java.nl_es=COPY,XXX_ROOT_LOCATION_XXX,XXX_PLUGIN_LOCATION_XXX/org.bonitasoft.studio.connectors.wizards.java.nl_es
fragment@org.bonitasoft.studio.connectors.nl_es=COPY,XXX_ROOT_LOCATION_XXX,XXX_PLUGIN_LOCATION_XXX/org.bonitasoft.studio.connectors.nl_es
fragment@org.bonitasoft.studio.engine.nl_es=COPY,XXX_ROOT_LOCATION_XXX,XXX_PLUGIN_LOCATION_XXX/org.bonitasoft.studio.engine.nl_es
fragment@org.bonitasoft.studio.datas.nl_es=COPY,XXX_ROOT_LOCATION_XXX,XXX_PLUGIN_LOCATION_XXX/org.bonitasoft.studio.datas.nl_es
fragment@org.bonitasoft.studio.presentation.nl_es=COPY,XXX_ROOT_LOCATION_XXX,XXX_PLUGIN_LOCATION_XXX/org.bonitasoft.studio.presentation.nl_es
fragment@org.bonitasoft.studio.model.edit.custom.nl_es=COPY,XXX_ROOT_LOCATION_XXX,XXX_PLUGIN_LOCATION_XXX/org.bonitasoft.studio.model.edit.custom.nl_es
fragment@org.bonitasoft.studio.decision.ui.nl_es=COPY,XXX_ROOT_LOCATION_XXX,XXX_PLUGIN_LOCATION_XXX/org.bonitasoft.studio.decision.ui.nl_es
fragment@org.bonitasoft.studio.xml.nl_es=COPY,XXX_ROOT_LOCATION_XXX,XXX_PLUGIN_LOCATION_XXX/org.bonitasoft.studio.xml.nl_es
fragment@org.bonitasoft.studio.diagram.custom.nl_es=COPY,XXX_ROOT_LOCATION_XXX,XXX_PLUGIN_LOCATION_XXX/org.bonitasoft.studio.diagram.custom.nl_es
fragment@org.bonitasoft.studio.common.repository.nl_es=COPY,XXX_ROOT_LOCATION_XXX,XXX_PLUGIN_LOCATION_XXX/org.bonitasoft.studio.common.repository.nl_es
fragment@org.bonitasoft.studio.registration.nl_es=COPY,XXX_ROOT_LOCATION_XXX,XXX_PLUGIN_LOCATION_XXX/org.bonitasoft.studio.registration.nl_es
fragment@org.bonitasoft.studio.validation.nl_es=COPY,XXX_ROOT_LOCATION_XXX,XXX_PLUGIN_LOCATION_XXX/org.bonitasoft.studio.validation.nl_es
fragment@org.bonitasoft.studio.simulation.nl_es=COPY,XXX_ROOT_LOCATION_XXX,XXX_PLUGIN_LOCATION_XXX/org.bonitasoft.studio.simulation.nl_es
fragment@org.bonitasoft.studio.decision.core.nl_es=COPY,XXX_ROOT_LOCATION_XXX,XXX_PLUGIN_LOCATION_XXX/org.bonitasoft.studio.decision.core.nl_es
fragment@org.bonitasoft.studio.groovy.ui.nl_es=COPY,XXX_ROOT_LOCATION_XXX,XXX_PLUGIN_LOCATION_XXX/org.bonitasoft.studio.groovy.ui.nl_es
fragment@org.bonitasoft.studio.remotedeploy.nl_es=COPY,XXX_ROOT_LOCATION_XXX,XXX_PLUGIN_LOCATION_XXX/org.bonitasoft.studio.remotedeploy.nl_es
fragment@org.bonitasoft.studio.importer.nl_es=COPY,XXX_ROOT_LOCATION_XXX,XXX_PLUGIN_LOCATION_XXX/org.bonitasoft.studio.importer.nl_es
fragment@org.bonitasoft.studio.connector.wizard.sap.nl_es=COPY,XXX_ROOT_LOCATION_XXX,XXX_PLUGIN_LOCATION_XXX/org.bonitasoft.studio.connector.wizard.sap.nl_es
fragment@org.bonitasoft.studio.properties.nl_es=COPY,XXX_ROOT_LOCATION_XXX,XXX_PLUGIN_LOCATION_XXX/org.bonitasoft.studio.properties.nl_es
fragment@org.bonitasoft.studio.diagram.form.custom.nl_es=COPY,XXX_ROOT_LOCATION_XXX,XXX_PLUGIN_LOCATION_XXX/org.bonitasoft.studio.diagram.form.custom.nl_es
fragment@org.bonitasoft.studio.repository.nl_es=COPY,XXX_ROOT_LOCATION_XXX,XXX_PLUGIN_LOCATION_XXX/org.bonitasoft.studio.repository.nl_es
fragment@org.bonitasoft.studio.connectors.evaluation.nl_es=COPY,XXX_ROOT_LOCATION_XXX,XXX_PLUGIN_LOCATION_XXX/org.bonitasoft.studio.connectors.evaluation.nl_es
fragment@org.bonitasoft.studio.console.nl_es=COPY,XXX_ROOT_LOCATION_XXX,XXX_PLUGIN_LOCATION_XXX/org.bonitasoft.studio.console.nl_es
fragment@org.bonitasoft.studio.common.nl_es=COPY,XXX_ROOT_LOCATION_XXX,XXX_PLUGIN_LOCATION_XXX/org.bonitasoft.studio.common.nl_es
fragment@org.bonitasoft.studio.jpdl.nl_es=COPY,XXX_ROOT_LOCATION_XXX,XXX_PLUGIN_LOCATION_XXX/org.bonitasoft.studio.jpdl.nl_es