fragment@org.bonitasoft.studio.groovy.nl_es=SVN,url=https://svn.bonitasoft.org/,tag=bos-studio,path=XXX_TAG_XXX/translations/es/org.bonitasoft.studio.groovy.nl_es,username=hudson,password=Unph9tlVD0
fragment@org.bonitasoft.studio.repository.connectors.nl_es=SVN,url=https://svn.bonitasoft.org/,tag=bos-studio,path=XXX_TAG_XXX/translations/es/org.bonitasoft.studio.repository.connectors.nl_es,username=hudson,password=Unph9tlVD0
fragment@org.bonitasoft.studio.diagram.form.properties.nl_es=SVN,url=https://svn.bonitasoft.org/,tag=bos-studio,path=XXX_TAG_XXX/translations/es/org.bonitasoft.studio.diagram.form.properties.nl_es,username=hudson,password=Unph9tlVD0
fragment@org.omg.schema.spec.bpmn.nl_es=SVN,url=https://svn.bonitasoft.org/,tag=bos-studio,path=XXX_TAG_XXX/translations/es/org.omg.schema.spec.bpmn.nl_es,username=hudson,password=Unph9tlVD0
fragment@org.bonitasoft.studio.exporter.nl_es=SVN,url=https://svn.bonitasoft.org/,tag=bos-studio,path=XXX_TAG_XXX/translations/es/org.bonitasoft.studio.exporter.nl_es,username=hudson,password=Unph9tlVD0
fragment@org.bonitasoft.studio.intro.nl_es=SVN,url=https://svn.bonitasoft.org/,tag=bos-studio,path=XXX_TAG_XXX/translations/es/org.bonitasoft.studio.intro.nl_es,username=hudson,password=Unph9tlVD0
fragment@org.bonitasoft.studio.application.nl_es=SVN,url=https://svn.bonitasoft.org/,tag=bos-studio,path=XXX_TAG_XXX/translations/es/org.bonitasoft.studio.application.nl_es,username=hudson,password=Unph9tlVD0
fragment@org.bonitasoft.studio.debug.nl_es=SVN,url=https://svn.bonitasoft.org/,tag=bos-studio,path=XXX_TAG_XXX/translations/es/org.bonitasoft.studio.debug.nl_es,username=hudson,password=Unph9tlVD0
fragment@org.bonitasoft.studio.preferences.nl_es=SVN,url=https://svn.bonitasoft.org/,tag=bos-studio,path=XXX_TAG_XXX/translations/es/org.bonitasoft.studio.preferences.nl_es,username=hudson,password=Unph9tlVD0
fragment@org.bonitasoft.studio.connectors.wizards.java.nl_es=SVN,url=https://svn.bonitasoft.org/,tag=bos-studio,path=XXX_TAG_XXX/translations/es/org.bonitasoft.studio.connectors.wizards.java.nl_es,username=hudson,password=Unph9tlVD0
fragment@org.bonitasoft.studio.connectors.nl_es=SVN,url=https://svn.bonitasoft.org/,tag=bos-studio,path=XXX_TAG_XXX/translations/es/org.bonitasoft.studio.connectors.nl_es,username=hudson,password=Unph9tlVD0
fragment@org.bonitasoft.studio.engine.nl_es=SVN,url=https://svn.bonitasoft.org/,tag=bos-studio,path=XXX_TAG_XXX/translations/es/org.bonitasoft.studio.engine.nl_es,username=hudson,password=Unph9tlVD0
fragment@org.bonitasoft.studio.datas.nl_es=SVN,url=https://svn.bonitasoft.org/,tag=bos-studio,path=XXX_TAG_XXX/translations/es/org.bonitasoft.studio.datas.nl_es,username=hudson,password=Unph9tlVD0
fragment@org.bonitasoft.studio.presentation.nl_es=SVN,url=https://svn.bonitasoft.org/,tag=bos-studio,path=XXX_TAG_XXX/translations/es/org.bonitasoft.studio.presentation.nl_es,username=hudson,password=Unph9tlVD0
fragment@org.bonitasoft.studio.profiles.nl_es=SVN,url=https://svn.bonitasoft.org/,tag=bos-studio,path=XXX_TAG_XXX/translations/es/org.bonitasoft.studio.profiles.nl_es,username=hudson,password=Unph9tlVD0
fragment@org.bonitasoft.studio.model.edit.custom.nl_es=SVN,url=https://svn.bonitasoft.org/,tag=bos-studio,path=XXX_TAG_XXX/translations/es/org.bonitasoft.studio.model.edit.custom.nl_es,username=hudson,password=Unph9tlVD0
fragment@org.bonitasoft.studio.decision.ui.nl_es=SVN,url=https://svn.bonitasoft.org/,tag=bos-studio,path=XXX_TAG_XXX/translations/es/org.bonitasoft.studio.decision.ui.nl_es,username=hudson,password=Unph9tlVD0
fragment@org.bonitasoft.studio.xml.nl_es=SVN,url=https://svn.bonitasoft.org/,tag=bos-studio,path=XXX_TAG_XXX/translations/es/org.bonitasoft.studio.xml.nl_es,username=hudson,password=Unph9tlVD0
fragment@org.bonitasoft.studio.diagram.custom.nl_es=SVN,url=https://svn.bonitasoft.org/,tag=bos-studio,path=XXX_TAG_XXX/translations/es/org.bonitasoft.studio.diagram.custom.nl_es,username=hudson,password=Unph9tlVD0
fragment@org.bonitasoft.studio.common.repository.nl_es=SVN,url=https://svn.bonitasoft.org/,tag=bos-studio,path=XXX_TAG_XXX/translations/es/org.bonitasoft.studio.common.repository.nl_es,username=hudson,password=Unph9tlVD0
fragment@org.bonitasoft.studio.registration.nl_es=SVN,url=https://svn.bonitasoft.org/,tag=bos-studio,path=XXX_TAG_XXX/translations/es/org.bonitasoft.studio.registration.nl_es,username=hudson,password=Unph9tlVD0
fragment@org.bonitasoft.studio.validation.nl_es=SVN,url=https://svn.bonitasoft.org/,tag=bos-studio,path=XXX_TAG_XXX/translations/es/org.bonitasoft.studio.validation.nl_es,username=hudson,password=Unph9tlVD0
fragment@org.bonitasoft.studio.simulation.nl_es=SVN,url=https://svn.bonitasoft.org/,tag=bos-studio,path=XXX_TAG_XXX/translations/es/org.bonitasoft.studio.simulation.nl_es,username=hudson,password=Unph9tlVD0
fragment@org.bonitasoft.studio.decision.core.nl_es=SVN,url=https://svn.bonitasoft.org/,tag=bos-studio,path=XXX_TAG_XXX/translations/es/org.bonitasoft.studio.decision.core.nl_es,username=hudson,password=Unph9tlVD0
fragment@org.bonitasoft.studio.groovy.ui.nl_es=SVN,url=https://svn.bonitasoft.org/,tag=bos-studio,path=XXX_TAG_XXX/translations/es/org.bonitasoft.studio.groovy.ui.nl_es,username=hudson,password=Unph9tlVD0
fragment@org.bonitasoft.studio.remotedeploy.nl_es=SVN,url=https://svn.bonitasoft.org/,tag=bos-studio,path=XXX_TAG_XXX/translations/es/org.bonitasoft.studio.remotedeploy.nl_es,username=hudson,password=Unph9tlVD0
fragment@org.bonitasoft.studio.importer.nl_es=SVN,url=https://svn.bonitasoft.org/,tag=bos-studio,path=XXX_TAG_XXX/translations/es/org.bonitasoft.studio.importer.nl_es,username=hudson,password=Unph9tlVD0
fragment@org.bonitasoft.studio.connector.wizard.sap.nl_es=SVN,url=https://svn.bonitasoft.org/,tag=bos-studio,path=XXX_TAG_XXX/translations/es/org.bonitasoft.studio.connector.wizard.sap.nl_es,username=hudson,password=Unph9tlVD0
fragment@org.bonitasoft.studio.properties.nl_es=SVN,url=https://svn.bonitasoft.org/,tag=bos-studio,path=XXX_TAG_XXX/translations/es/org.bonitasoft.studio.properties.nl_es,username=hudson,password=Unph9tlVD0
fragment@org.bonitasoft.studio.diagram.form.custom.nl_es=SVN,url=https://svn.bonitasoft.org/,tag=bos-studio,path=XXX_TAG_XXX/translations/es/org.bonitasoft.studio.diagram.form.custom.nl_es,username=hudson,password=Unph9tlVD0
fragment@org.bonitasoft.studio.repository.nl_es=SVN,url=https://svn.bonitasoft.org/,tag=bos-studio,path=XXX_TAG_XXX/translations/es/org.bonitasoft.studio.repository.nl_es,username=hudson,password=Unph9tlVD0
fragment@org.bonitasoft.studio.userguidance.nl_es=SVN,url=https://svn.bonitasoft.org/,tag=bos-studio,path=XXX_TAG_XXX/translations/es/org.bonitasoft.studio.userguidance.nl_es,username=hudson,password=Unph9tlVD0
fragment@org.bonitasoft.studio.connectors.evaluation.nl_es=SVN,url=https://svn.bonitasoft.org/,tag=bos-studio,path=XXX_TAG_XXX/translations/es/org.bonitasoft.studio.connectors.evaluation.nl_es,username=hudson,password=Unph9tlVD0
fragment@org.bonitasoft.studio.console.nl_es=SVN,url=https://svn.bonitasoft.org/,tag=bos-studio,path=XXX_TAG_XXX/translations/es/org.bonitasoft.studio.console.nl_es,username=hudson,password=Unph9tlVD0
fragment@org.bonitasoft.studio.common.nl_es=SVN,url=https://svn.bonitasoft.org/,tag=bos-studio,path=XXX_TAG_XXX/translations/es/org.bonitasoft.studio.common.nl_es,username=hudson,password=Unph9tlVD0
fragment@org.bonitasoft.studio.jpdl.nl_es=SVN,url=https://svn.bonitasoft.org/,tag=bos-studio,path=XXX_TAG_XXX/translations/es/org.bonitasoft.studio.jpdl.nl_es,username=hudson,password=Unph9tlVD0