fragment@org.bonitasoft.studio.groovy.nl_fr=SVN,url=https://svn.bonitasoft.org/,tag=bos-studio,path=XXX_TAG_XXX/translations/fr/org.bonitasoft.studio.groovy.nl_fr,username=hudson,password=Unph9tlVD0
fragment@org.bonitasoft.studio.repository.connectors.nl_fr=SVN,url=https://svn.bonitasoft.org/,tag=bos-studio,path=XXX_TAG_XXX/translations/fr/org.bonitasoft.studio.repository.connectors.nl_fr,username=hudson,password=Unph9tlVD0
fragment@org.bonitasoft.studio.diagram.form.properties.nl_fr=SVN,url=https://svn.bonitasoft.org/,tag=bos-studio,path=XXX_TAG_XXX/translations/fr/org.bonitasoft.studio.diagram.form.properties.nl_fr,username=hudson,password=Unph9tlVD0
fragment@org.omg.schema.spec.bpmn.nl_fr=SVN,url=https://svn.bonitasoft.org/,tag=bos-studio,path=XXX_TAG_XXX/translations/fr/org.omg.schema.spec.bpmn.nl_fr,username=hudson,password=Unph9tlVD0
fragment@org.bonitasoft.studio.exporter.nl_fr=SVN,url=https://svn.bonitasoft.org/,tag=bos-studio,path=XXX_TAG_XXX/translations/fr/org.bonitasoft.studio.exporter.nl_fr,username=hudson,password=Unph9tlVD0
fragment@org.bonitasoft.studio.repository.themes.nl_fr=SVN,url=https://svn.bonitasoft.org/,tag=bos-studio,path=XXX_TAG_XXX/translations/fr/org.bonitasoft.studio.repository.themes.nl_fr,username=hudson,password=Unph9tlVD0
fragment@org.bonitasoft.studio.intro.nl_fr=SVN,url=https://svn.bonitasoft.org/,tag=bos-studio,path=XXX_TAG_XXX/translations/fr/org.bonitasoft.studio.intro.nl_fr,username=hudson,password=Unph9tlVD0
fragment@org.bonitasoft.studio.application.nl_fr=SVN,url=https://svn.bonitasoft.org/,tag=bos-studio,path=XXX_TAG_XXX/translations/fr/org.bonitasoft.studio.application.nl_fr,username=hudson,password=Unph9tlVD0
fragment@org.bonitasoft.studio.debug.nl_fr=SVN,url=https://svn.bonitasoft.org/,tag=bos-studio,path=XXX_TAG_XXX/translations/fr/org.bonitasoft.studio.debug.nl_fr,username=hudson,password=Unph9tlVD0
fragment@org.bonitasoft.studio.preferences.nl_fr=SVN,url=https://svn.bonitasoft.org/,tag=bos-studio,path=XXX_TAG_XXX/translations/fr/org.bonitasoft.studio.preferences.nl_fr,username=hudson,password=Unph9tlVD0
fragment@org.bonitasoft.studio.connectors.wizards.java.nl_fr=SVN,url=https://svn.bonitasoft.org/,tag=bos-studio,path=XXX_TAG_XXX/translations/fr/org.bonitasoft.studio.connectors.wizards.java.nl_fr,username=hudson,password=Unph9tlVD0
fragment@org.bonitasoft.studio.connectors.nl_fr=SVN,url=https://svn.bonitasoft.org/,tag=bos-studio,path=XXX_TAG_XXX/translations/fr/org.bonitasoft.studio.connectors.nl_fr,username=hudson,password=Unph9tlVD0
fragment@org.bonitasoft.studio.engine.nl_fr=SVN,url=https://svn.bonitasoft.org/,tag=bos-studio,path=XXX_TAG_XXX/translations/fr/org.bonitasoft.studio.engine.nl_fr,username=hudson,password=Unph9tlVD0
fragment@org.bonitasoft.studio.datas.nl_fr=SVN,url=https://svn.bonitasoft.org/,tag=bos-studio,path=XXX_TAG_XXX/translations/fr/org.bonitasoft.studio.datas.nl_fr,username=hudson,password=Unph9tlVD0
fragment@org.bonitasoft.studio.presentation.nl_fr=SVN,url=https://svn.bonitasoft.org/,tag=bos-studio,path=XXX_TAG_XXX/translations/fr/org.bonitasoft.studio.presentation.nl_fr,username=hudson,password=Unph9tlVD0
fragment@org.bonitasoft.studio.profiles.nl_fr=SVN,url=https://svn.bonitasoft.org/,tag=bos-studio,path=XXX_TAG_XXX/translations/fr/org.bonitasoft.studio.profiles.nl_fr,username=hudson,password=Unph9tlVD0
fragment@org.bonitasoft.studio.model.edit.custom.nl_fr=SVN,url=https://svn.bonitasoft.org/,tag=bos-studio,path=XXX_TAG_XXX/translations/fr/org.bonitasoft.studio.model.edit.custom.nl_fr,username=hudson,password=Unph9tlVD0
fragment@org.bonitasoft.studio.decision.ui.nl_fr=SVN,url=https://svn.bonitasoft.org/,tag=bos-studio,path=XXX_TAG_XXX/translations/fr/org.bonitasoft.studio.decision.ui.nl_fr,username=hudson,password=Unph9tlVD0
fragment@org.bonitasoft.studio.xml.nl_fr=SVN,url=https://svn.bonitasoft.org/,tag=bos-studio,path=XXX_TAG_XXX/translations/fr/org.bonitasoft.studio.xml.nl_fr,username=hudson,password=Unph9tlVD0
fragment@org.bonitasoft.studio.diagram.custom.nl_fr=SVN,url=https://svn.bonitasoft.org/,tag=bos-studio,path=XXX_TAG_XXX/translations/fr/org.bonitasoft.studio.diagram.custom.nl_fr,username=hudson,password=Unph9tlVD0
fragment@org.bonitasoft.studio.common.repository.nl_fr=SVN,url=https://svn.bonitasoft.org/,tag=bos-studio,path=XXX_TAG_XXX/translations/fr/org.bonitasoft.studio.common.repository.nl_fr,username=hudson,password=Unph9tlVD0
fragment@org.bonitasoft.studio.registration.nl_fr=SVN,url=https://svn.bonitasoft.org/,tag=bos-studio,path=XXX_TAG_XXX/translations/fr/org.bonitasoft.studio.registration.nl_fr,username=hudson,password=Unph9tlVD0
fragment@org.bonitasoft.studio.validation.nl_fr=SVN,url=https://svn.bonitasoft.org/,tag=bos-studio,path=XXX_TAG_XXX/translations/fr/org.bonitasoft.studio.validation.nl_fr,username=hudson,password=Unph9tlVD0
fragment@org.bonitasoft.studio.simulation.nl_fr=SVN,url=https://svn.bonitasoft.org/,tag=bos-studio,path=XXX_TAG_XXX/translations/fr/org.bonitasoft.studio.simulation.nl_fr,username=hudson,password=Unph9tlVD0
fragment@org.bonitasoft.studio.decision.core.nl_fr=SVN,url=https://svn.bonitasoft.org/,tag=bos-studio,path=XXX_TAG_XXX/translations/fr/org.bonitasoft.studio.decision.core.nl_fr,username=hudson,password=Unph9tlVD0
fragment@org.bonitasoft.studio.groovy.ui.nl_fr=SVN,url=https://svn.bonitasoft.org/,tag=bos-studio,path=XXX_TAG_XXX/translations/fr/org.bonitasoft.studio.groovy.ui.nl_fr,username=hudson,password=Unph9tlVD0
fragment@org.bonitasoft.studio.remotedeploy.nl_fr=SVN,url=https://svn.bonitasoft.org/,tag=bos-studio,path=XXX_TAG_XXX/translations/fr/org.bonitasoft.studio.remotedeploy.nl_fr,username=hudson,password=Unph9tlVD0
fragment@org.bonitasoft.studio.importer.nl_fr=SVN,url=https://svn.bonitasoft.org/,tag=bos-studio,path=XXX_TAG_XXX/translations/fr/org.bonitasoft.studio.importer.nl_fr,username=hudson,password=Unph9tlVD0
fragment@org.bonitasoft.studio.connector.wizard.sap.nl_fr=SVN,url=https://svn.bonitasoft.org/,tag=bos-studio,path=XXX_TAG_XXX/translations/fr/org.bonitasoft.studio.connector.wizard.sap.nl_fr,username=hudson,password=Unph9tlVD0
fragment@org.bonitasoft.studio.properties.nl_fr=SVN,url=https://svn.bonitasoft.org/,tag=bos-studio,path=XXX_TAG_XXX/translations/fr/org.bonitasoft.studio.properties.nl_fr,username=hudson,password=Unph9tlVD0
fragment@org.bonitasoft.studio.diagram.form.custom.nl_fr=SVN,url=https://svn.bonitasoft.org/,tag=bos-studio,path=XXX_TAG_XXX/translations/fr/org.bonitasoft.studio.diagram.form.custom.nl_fr,username=hudson,password=Unph9tlVD0
fragment@org.bonitasoft.studio.repository.nl_fr=SVN,url=https://svn.bonitasoft.org/,tag=bos-studio,path=XXX_TAG_XXX/translations/fr/org.bonitasoft.studio.repository.nl_fr,username=hudson,password=Unph9tlVD0
fragment@org.bonitasoft.studio.userguidance.nl_fr=SVN,url=https://svn.bonitasoft.org/,tag=bos-studio,path=XXX_TAG_XXX/translations/fr/org.bonitasoft.studio.userguidance.nl_fr,username=hudson,password=Unph9tlVD0
fragment@org.bonitasoft.studio.connectors.evaluation.nl_fr=SVN,url=https://svn.bonitasoft.org/,tag=bos-studio,path=XXX_TAG_XXX/translations/fr/org.bonitasoft.studio.connectors.evaluation.nl_fr,username=hudson,password=Unph9tlVD0
fragment@org.bonitasoft.studio.console.nl_fr=SVN,url=https://svn.bonitasoft.org/,tag=bos-studio,path=XXX_TAG_XXX/translations/fr/org.bonitasoft.studio.console.nl_fr,username=hudson,password=Unph9tlVD0
fragment@org.bonitasoft.studio.common.nl_fr=SVN,url=https://svn.bonitasoft.org/,tag=bos-studio,path=XXX_TAG_XXX/translations/fr/org.bonitasoft.studio.common.nl_fr,username=hudson,password=Unph9tlVD0
fragment@org.bonitasoft.studio.jpdl.nl_fr=SVN,url=https://svn.bonitasoft.org/,tag=bos-studio,path=XXX_TAG_XXX/translations/fr/org.bonitasoft.studio.jpdl.nl_fr,username=hudson,password=Unph9tlVD0