fragment@org.bonitasoft.studio.groovy.nl_fr=COPY,XXX_ROOT_LOCATION_XXX,XXX_PLUGIN_LOCATION_XXX/org.bonitasoft.studio.groovy.nl_fr
fragment@org.bonitasoft.studio.diagram.form.properties.nl_fr=COPY,XXX_ROOT_LOCATION_XXX,XXX_PLUGIN_LOCATION_XXX/org.bonitasoft.studio.diagram.form.properties.nl_fr
fragment@org.bonitasoft.studio.exporter.nl_fr=COPY,XXX_ROOT_LOCATION_XXX,XXX_PLUGIN_LOCATION_XXX/org.bonitasoft.studio.exporter.nl_fr
fragment@org.bonitasoft.studio.intro.nl_fr=COPY,XXX_ROOT_LOCATION_XXX,XXX_PLUGIN_LOCATION_XXX/org.bonitasoft.studio.intro.nl_fr
fragment@org.bonitasoft.studio.application.nl_fr=COPY,XXX_ROOT_LOCATION_XXX,XXX_PLUGIN_LOCATION_XXX/org.bonitasoft.studio.application.nl_fr
fragment@org.bonitasoft.studio.preferences.nl_fr=COPY,XXX_ROOT_LOCATION_XXX,XXX_PLUGIN_LOCATION_XXX/org.bonitasoft.studio.preferences.nl_fr
fragment@org.bonitasoft.studio.connectors.nl_fr=COPY,XXX_ROOT_LOCATION_XXX,XXX_PLUGIN_LOCATION_XXX/org.bonitasoft.studio.connectors.nl_fr
fragment@org.bonitasoft.studio.engine.nl_fr=COPY,XXX_ROOT_LOCATION_XXX,XXX_PLUGIN_LOCATION_XXX/org.bonitasoft.studio.engine.nl_fr
fragment@org.bonitasoft.studio.datas.nl_fr=COPY,XXX_ROOT_LOCATION_XXX,XXX_PLUGIN_LOCATION_XXX/org.bonitasoft.studio.datas.nl_fr
fragment@org.bonitasoft.studio.presentation.nl_fr=COPY,XXX_ROOT_LOCATION_XXX,XXX_PLUGIN_LOCATION_XXX/org.bonitasoft.studio.presentation.nl_fr
fragment@org.bonitasoft.studio.xml.nl_fr=COPY,XXX_ROOT_LOCATION_XXX,XXX_PLUGIN_LOCATION_XXX/org.bonitasoft.studio.xml.nl_fr
fragment@org.bonitasoft.studio.diagram.custom.nl_fr=COPY,XXX_ROOT_LOCATION_XXX,XXX_PLUGIN_LOCATION_XXX/org.bonitasoft.studio.diagram.custom.nl_fr
fragment@org.bonitasoft.studio.registration.nl_fr=COPY,XXX_ROOT_LOCATION_XXX,XXX_PLUGIN_LOCATION_XXX/org.bonitasoft.studio.registration.nl_fr
fragment@org.bonitasoft.studio.validation.nl_fr=COPY,XXX_ROOT_LOCATION_XXX,XXX_PLUGIN_LOCATION_XXX/org.bonitasoft.studio.validation.nl_fr
fragment@org.bonitasoft.studio.simulation.nl_fr=COPY,XXX_ROOT_LOCATION_XXX,XXX_PLUGIN_LOCATION_XXX/org.bonitasoft.studio.simulation.nl_fr
fragment@org.bonitasoft.studio.remotedeploy.nl_fr=COPY,XXX_ROOT_LOCATION_XXX,XXX_PLUGIN_LOCATION_XXX/org.bonitasoft.studio.remotedeploy.nl_fr
fragment@org.bonitasoft.studio.importer.nl_fr=COPY,XXX_ROOT_LOCATION_XXX,XXX_PLUGIN_LOCATION_XXX/org.bonitasoft.studio.importer.nl_fr
fragment@org.bonitasoft.studio.connector.wizard.sap.nl_fr=COPY,XXX_ROOT_LOCATION_XXX,XXX_PLUGIN_LOCATION_XXX/org.bonitasoft.studio.connector.wizard.sap.nl_fr
fragment@org.bonitasoft.studio.properties.nl_fr=COPY,XXX_ROOT_LOCATION_XXX,XXX_PLUGIN_LOCATION_XXX/org.bonitasoft.studio.properties.nl_fr
fragment@org.bonitasoft.studio.diagram.form.custom.nl_fr=COPY,XXX_ROOT_LOCATION_XXX,XXX_PLUGIN_LOCATION_XXX/org.bonitasoft.studio.diagram.form.custom.nl_fr
fragment@org.bonitasoft.studio.repository.nl_fr=COPY,XXX_ROOT_LOCATION_XXX,XXX_PLUGIN_LOCATION_XXX/org.bonitasoft.studio.repository.nl_fr
fragment@org.bonitasoft.studio.connectors.evaluation.nl_fr=COPY,XXX_ROOT_LOCATION_XXX,XXX_PLUGIN_LOCATION_XXX/org.bonitasoft.studio.connectors.evaluation.nl_fr
fragment@org.bonitasoft.studio.console.nl_fr=COPY,XXX_ROOT_LOCATION_XXX,XXX_PLUGIN_LOCATION_XXX/org.bonitasoft.studio.console.nl_fr
fragment@org.bonitasoft.studio.common.nl_fr=COPY,XXX_ROOT_LOCATION_XXX,XXX_PLUGIN_LOCATION_XXX/org.bonitasoft.studio.common.nl_fr
fragment@org.bonitasoft.studio.jpdl.nl_fr=COPY,XXX_ROOT_LOCATION_XXX,XXX_PLUGIN_LOCATION_XXX/org.bonitasoft.studio.jpdl.nl_fr
fragment@org.bonitasoft.studio.diagram.custom.nl_fr=COPY,XXX_ROOT_LOCATION_XXX,XXX_PLUGIN_LOCATION_XXX/org.bonitasoft.studio.diagram.custom.nl_fr
fragment@org.bonitasoft.studio.common.repository.nl_fr=COPY,XXX_ROOT_LOCATION_XXX,XXX_PLUGIN_LOCATION_XXX/org.bonitasoft.studio.common.repository.nl_fr
fragment@org.bonitasoft.studio.repository.connectors.nl_fr=COPY,XXX_ROOT_LOCATION_XXX,XXX_PLUGIN_LOCATION_XXX/org.bonitasoft.studio.repository.connectors.nl_fr
fragment@org.bonitasoft.studio.decision.ui.nl_fr=COPY,XXX_ROOT_LOCATION_XXX,XXX_PLUGIN_LOCATION_XXX/org.bonitasoft.studio.decision.ui.nl_fr
fragment@org.bonitasoft.studio.groovy.ui.nl_fr=COPY,XXX_ROOT_LOCATION_XXX,XXX_PLUGIN_LOCATION_XXX/org.bonitasoft.studio.groovy.ui.nl_fr
fragment@org.bonitasoft.studio.decision.core.nl_fr=COPY,XXX_ROOT_LOCATION_XXX,XXX_PLUGIN_LOCATION_XXX/org.bonitasoft.studio.decision.core.nl_fr
fragment@org.bonitasoft.studio.connectors.wizards.java.nl_fr=COPY,XXX_ROOT_LOCATION_XXX,XXX_PLUGIN_LOCATION_XXX/org.bonitasoft.studio.connectors.wizards.java.nl_fr
fragment@org.bonitasoft.studio.debug.nl_fr=COPY,XXX_ROOT_LOCATION_XXX,XXX_PLUGIN_LOCATION_XXX/org.bonitasoft.studio.debug.nl_fr
fragment@org.omg.schema.spec.bpmn.nl_fr=COPY,XXX_ROOT_LOCATION_XXX,XXX_PLUGIN_LOCATION_XXX/org.omg.schema.spec.bpmn.nl_fr