fragment@org.bonitasoft.studio.groovy.nl_it=SVN,url=https://svn.bonitasoft.org/,tag=bos-studio,path=XXX_TAG_XXX/translations/it/org.bonitasoft.studio.groovy.nl_it,username=hudson,password=Unph9tlVD0
fragment@org.bonitasoft.studio.repository.connectors.nl_it=SVN,url=https://svn.bonitasoft.org/,tag=bos-studio,path=XXX_TAG_XXX/translations/it/org.bonitasoft.studio.repository.connectors.nl_it,username=hudson,password=Unph9tlVD0
fragment@org.bonitasoft.studio.diagram.form.properties.nl_it=SVN,url=https://svn.bonitasoft.org/,tag=bos-studio,path=XXX_TAG_XXX/translations/it/org.bonitasoft.studio.diagram.form.properties.nl_it,username=hudson,password=Unph9tlVD0
fragment@org.omg.schema.spec.bpmn.nl_it=SVN,url=https://svn.bonitasoft.org/,tag=bos-studio,path=XXX_TAG_XXX/translations/it/org.omg.schema.spec.bpmn.nl_it,username=hudson,password=Unph9tlVD0
fragment@org.bonitasoft.studio.exporter.nl_it=SVN,url=https://svn.bonitasoft.org/,tag=bos-studio,path=XXX_TAG_XXX/translations/it/org.bonitasoft.studio.exporter.nl_it,username=hudson,password=Unph9tlVD0
fragment@org.bonitasoft.studio.intro.nl_it=SVN,url=https://svn.bonitasoft.org/,tag=bos-studio,path=XXX_TAG_XXX/translations/it/org.bonitasoft.studio.intro.nl_it,username=hudson,password=Unph9tlVD0
fragment@org.bonitasoft.studio.application.nl_it=SVN,url=https://svn.bonitasoft.org/,tag=bos-studio,path=XXX_TAG_XXX/translations/it/org.bonitasoft.studio.application.nl_it,username=hudson,password=Unph9tlVD0
fragment@org.bonitasoft.studio.debug.nl_it=SVN,url=https://svn.bonitasoft.org/,tag=bos-studio,path=XXX_TAG_XXX/translations/it/org.bonitasoft.studio.debug.nl_it,username=hudson,password=Unph9tlVD0
fragment@org.bonitasoft.studio.preferences.nl_it=SVN,url=https://svn.bonitasoft.org/,tag=bos-studio,path=XXX_TAG_XXX/translations/it/org.bonitasoft.studio.preferences.nl_it,username=hudson,password=Unph9tlVD0
fragment@org.bonitasoft.studio.connectors.wizards.java.nl_it=SVN,url=https://svn.bonitasoft.org/,tag=bos-studio,path=XXX_TAG_XXX/translations/it/org.bonitasoft.studio.connectors.wizards.java.nl_it,username=hudson,password=Unph9tlVD0
fragment@org.bonitasoft.studio.connectors.nl_it=SVN,url=https://svn.bonitasoft.org/,tag=bos-studio,path=XXX_TAG_XXX/translations/it/org.bonitasoft.studio.connectors.nl_it,username=hudson,password=Unph9tlVD0
fragment@org.bonitasoft.studio.engine.nl_it=SVN,url=https://svn.bonitasoft.org/,tag=bos-studio,path=XXX_TAG_XXX/translations/it/org.bonitasoft.studio.engine.nl_it,username=hudson,password=Unph9tlVD0
fragment@org.bonitasoft.studio.datas.nl_it=SVN,url=https://svn.bonitasoft.org/,tag=bos-studio,path=XXX_TAG_XXX/translations/it/org.bonitasoft.studio.datas.nl_it,username=hudson,password=Unph9tlVD0
fragment@org.bonitasoft.studio.presentation.nl_it=SVN,url=https://svn.bonitasoft.org/,tag=bos-studio,path=XXX_TAG_XXX/translations/it/org.bonitasoft.studio.presentation.nl_it,username=hudson,password=Unph9tlVD0
fragment@org.bonitasoft.studio.profiles.nl_it=SVN,url=https://svn.bonitasoft.org/,tag=bos-studio,path=XXX_TAG_XXX/translations/it/org.bonitasoft.studio.profiles.nl_it,username=hudson,password=Unph9tlVD0
fragment@org.bonitasoft.studio.model.edit.custom.nl_it=SVN,url=https://svn.bonitasoft.org/,tag=bos-studio,path=XXX_TAG_XXX/translations/it/org.bonitasoft.studio.model.edit.custom.nl_it,username=hudson,password=Unph9tlVD0
fragment@org.bonitasoft.studio.decision.ui.nl_it=SVN,url=https://svn.bonitasoft.org/,tag=bos-studio,path=XXX_TAG_XXX/translations/it/org.bonitasoft.studio.decision.ui.nl_it,username=hudson,password=Unph9tlVD0
fragment@org.bonitasoft.studio.xml.nl_it=SVN,url=https://svn.bonitasoft.org/,tag=bos-studio,path=XXX_TAG_XXX/translations/it/org.bonitasoft.studio.xml.nl_it,username=hudson,password=Unph9tlVD0
fragment@org.bonitasoft.studio.diagram.custom.nl_it=SVN,url=https://svn.bonitasoft.org/,tag=bos-studio,path=XXX_TAG_XXX/translations/it/org.bonitasoft.studio.diagram.custom.nl_it,username=hudson,password=Unph9tlVD0
fragment@org.bonitasoft.studio.common.repository.nl_it=SVN,url=https://svn.bonitasoft.org/,tag=bos-studio,path=XXX_TAG_XXX/translations/it/org.bonitasoft.studio.common.repository.nl_it,username=hudson,password=Unph9tlVD0
fragment@org.bonitasoft.studio.registration.nl_it=SVN,url=https://svn.bonitasoft.org/,tag=bos-studio,path=XXX_TAG_XXX/translations/it/org.bonitasoft.studio.registration.nl_it,username=hudson,password=Unph9tlVD0
fragment@org.bonitasoft.studio.validation.nl_it=SVN,url=https://svn.bonitasoft.org/,tag=bos-studio,path=XXX_TAG_XXX/translations/it/org.bonitasoft.studio.validation.nl_it,username=hudson,password=Unph9tlVD0
fragment@org.bonitasoft.studio.simulation.nl_it=SVN,url=https://svn.bonitasoft.org/,tag=bos-studio,path=XXX_TAG_XXX/translations/it/org.bonitasoft.studio.simulation.nl_it,username=hudson,password=Unph9tlVD0
fragment@org.bonitasoft.studio.decision.core.nl_it=SVN,url=https://svn.bonitasoft.org/,tag=bos-studio,path=XXX_TAG_XXX/translations/it/org.bonitasoft.studio.decision.core.nl_it,username=hudson,password=Unph9tlVD0
fragment@org.bonitasoft.studio.groovy.ui.nl_it=SVN,url=https://svn.bonitasoft.org/,tag=bos-studio,path=XXX_TAG_XXX/translations/it/org.bonitasoft.studio.groovy.ui.nl_it,username=hudson,password=Unph9tlVD0
fragment@org.bonitasoft.studio.remotedeploy.nl_it=SVN,url=https://svn.bonitasoft.org/,tag=bos-studio,path=XXX_TAG_XXX/translations/it/org.bonitasoft.studio.remotedeploy.nl_it,username=hudson,password=Unph9tlVD0
fragment@org.bonitasoft.studio.importer.nl_it=SVN,url=https://svn.bonitasoft.org/,tag=bos-studio,path=XXX_TAG_XXX/translations/it/org.bonitasoft.studio.importer.nl_it,username=hudson,password=Unph9tlVD0
fragment@org.bonitasoft.studio.connector.wizard.sap.nl_it=SVN,url=https://svn.bonitasoft.org/,tag=bos-studio,path=XXX_TAG_XXX/translations/it/org.bonitasoft.studio.connector.wizard.sap.nl_it,username=hudson,password=Unph9tlVD0
fragment@org.bonitasoft.studio.properties.nl_it=SVN,url=https://svn.bonitasoft.org/,tag=bos-studio,path=XXX_TAG_XXX/translations/it/org.bonitasoft.studio.properties.nl_it,username=hudson,password=Unph9tlVD0
fragment@org.bonitasoft.studio.diagram.form.custom.nl_it=SVN,url=https://svn.bonitasoft.org/,tag=bos-studio,path=XXX_TAG_XXX/translations/it/org.bonitasoft.studio.diagram.form.custom.nl_it,username=hudson,password=Unph9tlVD0
fragment@org.bonitasoft.studio.repository.nl_it=SVN,url=https://svn.bonitasoft.org/,tag=bos-studio,path=XXX_TAG_XXX/translations/it/org.bonitasoft.studio.repository.nl_it,username=hudson,password=Unph9tlVD0
fragment@org.bonitasoft.studio.userguidance.nl_it=SVN,url=https://svn.bonitasoft.org/,tag=bos-studio,path=XXX_TAG_XXX/translations/it/org.bonitasoft.studio.userguidance.nl_it,username=hudson,password=Unph9tlVD0
fragment@org.bonitasoft.studio.connectors.evaluation.nl_it=SVN,url=https://svn.bonitasoft.org/,tag=bos-studio,path=XXX_TAG_XXX/translations/it/org.bonitasoft.studio.connectors.evaluation.nl_it,username=hudson,password=Unph9tlVD0
fragment@org.bonitasoft.studio.console.nl_it=SVN,url=https://svn.bonitasoft.org/,tag=bos-studio,path=XXX_TAG_XXX/translations/it/org.bonitasoft.studio.console.nl_it,username=hudson,password=Unph9tlVD0
fragment@org.bonitasoft.studio.common.nl_it=SVN,url=https://svn.bonitasoft.org/,tag=bos-studio,path=XXX_TAG_XXX/translations/it/org.bonitasoft.studio.common.nl_it,username=hudson,password=Unph9tlVD0
fragment@org.bonitasoft.studio.jpdl.nl_it=SVN,url=https://svn.bonitasoft.org/,tag=bos-studio,path=XXX_TAG_XXX/translations/it/org.bonitasoft.studio.jpdl.nl_it,username=hudson,password=Unph9tlVD0