fragment@org.bonitasoft.studio.groovy.nl_it=COPY,XXX_ROOT_LOCATION_XXX,XXX_PLUGIN_LOCATION_XXX/org.bonitasoft.studio.groovy.nl_it
fragment@org.bonitasoft.studio.repository.connectors.nl_it=COPY,XXX_ROOT_LOCATION_XXX,XXX_PLUGIN_LOCATION_XXX/org.bonitasoft.studio.repository.connectors.nl_it
fragment@org.bonitasoft.studio.diagram.form.properties.nl_it=COPY,XXX_ROOT_LOCATION_XXX,XXX_PLUGIN_LOCATION_XXX/org.bonitasoft.studio.diagram.form.properties.nl_it
fragment@org.omg.schema.spec.bpmn.nl_it=COPY,XXX_ROOT_LOCATION_XXX,XXX_PLUGIN_LOCATION_XXX/org.omg.schema.spec.bpmn.nl_it
fragment@org.bonitasoft.studio.exporter.nl_it=COPY,XXX_ROOT_LOCATION_XXX,XXX_PLUGIN_LOCATION_XXX/org.bonitasoft.studio.exporter.nl_it
fragment@org.bonitasoft.studio.intro.nl_it=COPY,XXX_ROOT_LOCATION_XXX,XXX_PLUGIN_LOCATION_XXX/org.bonitasoft.studio.intro.nl_it
fragment@org.bonitasoft.studio.application.nl_it=COPY,XXX_ROOT_LOCATION_XXX,XXX_PLUGIN_LOCATION_XXX/org.bonitasoft.studio.application.nl_it
fragment@org.bonitasoft.studio.debug.nl_it=COPY,XXX_ROOT_LOCATION_XXX,XXX_PLUGIN_LOCATION_XXX/org.bonitasoft.studio.debug.nl_it
fragment@org.bonitasoft.studio.preferences.nl_it=COPY,XXX_ROOT_LOCATION_XXX,XXX_PLUGIN_LOCATION_XXX/org.bonitasoft.studio.preferences.nl_it
fragment@org.bonitasoft.studio.connectors.wizards.java.nl_it=COPY,XXX_ROOT_LOCATION_XXX,XXX_PLUGIN_LOCATION_XXX/org.bonitasoft.studio.connectors.wizards.java.nl_it
fragment@org.bonitasoft.studio.connectors.nl_it=COPY,XXX_ROOT_LOCATION_XXX,XXX_PLUGIN_LOCATION_XXX/org.bonitasoft.studio.connectors.nl_it
fragment@org.bonitasoft.studio.engine.nl_it=COPY,XXX_ROOT_LOCATION_XXX,XXX_PLUGIN_LOCATION_XXX/org.bonitasoft.studio.engine.nl_it
fragment@org.bonitasoft.studio.datas.nl_it=COPY,XXX_ROOT_LOCATION_XXX,XXX_PLUGIN_LOCATION_XXX/org.bonitasoft.studio.datas.nl_it
fragment@org.bonitasoft.studio.presentation.nl_it=COPY,XXX_ROOT_LOCATION_XXX,XXX_PLUGIN_LOCATION_XXX/org.bonitasoft.studio.presentation.nl_it
fragment@org.bonitasoft.studio.model.edit.custom.nl_it=COPY,XXX_ROOT_LOCATION_XXX,XXX_PLUGIN_LOCATION_XXX/org.bonitasoft.studio.model.edit.custom.nl_it
fragment@org.bonitasoft.studio.decision.ui.nl_it=COPY,XXX_ROOT_LOCATION_XXX,XXX_PLUGIN_LOCATION_XXX/org.bonitasoft.studio.decision.ui.nl_it
fragment@org.bonitasoft.studio.xml.nl_it=COPY,XXX_ROOT_LOCATION_XXX,XXX_PLUGIN_LOCATION_XXX/org.bonitasoft.studio.xml.nl_it
fragment@org.bonitasoft.studio.diagram.custom.nl_it=COPY,XXX_ROOT_LOCATION_XXX,XXX_PLUGIN_LOCATION_XXX/org.bonitasoft.studio.diagram.custom.nl_it
fragment@org.bonitasoft.studio.common.repository.nl_it=COPY,XXX_ROOT_LOCATION_XXX,XXX_PLUGIN_LOCATION_XXX/org.bonitasoft.studio.common.repository.nl_it
fragment@org.bonitasoft.studio.registration.nl_it=COPY,XXX_ROOT_LOCATION_XXX,XXX_PLUGIN_LOCATION_XXX/org.bonitasoft.studio.registration.nl_it
fragment@org.bonitasoft.studio.validation.nl_it=COPY,XXX_ROOT_LOCATION_XXX,XXX_PLUGIN_LOCATION_XXX/org.bonitasoft.studio.validation.nl_it
fragment@org.bonitasoft.studio.simulation.nl_it=COPY,XXX_ROOT_LOCATION_XXX,XXX_PLUGIN_LOCATION_XXX/org.bonitasoft.studio.simulation.nl_it
fragment@org.bonitasoft.studio.decision.core.nl_it=COPY,XXX_ROOT_LOCATION_XXX,XXX_PLUGIN_LOCATION_XXX/org.bonitasoft.studio.decision.core.nl_it
fragment@org.bonitasoft.studio.groovy.ui.nl_it=COPY,XXX_ROOT_LOCATION_XXX,XXX_PLUGIN_LOCATION_XXX/org.bonitasoft.studio.groovy.ui.nl_it
fragment@org.bonitasoft.studio.remotedeploy.nl_it=COPY,XXX_ROOT_LOCATION_XXX,XXX_PLUGIN_LOCATION_XXX/org.bonitasoft.studio.remotedeploy.nl_it
fragment@org.bonitasoft.studio.importer.nl_it=COPY,XXX_ROOT_LOCATION_XXX,XXX_PLUGIN_LOCATION_XXX/org.bonitasoft.studio.importer.nl_it
fragment@org.bonitasoft.studio.connector.wizard.sap.nl_it=COPY,XXX_ROOT_LOCATION_XXX,XXX_PLUGIN_LOCATION_XXX/org.bonitasoft.studio.connector.wizard.sap.nl_it
fragment@org.bonitasoft.studio.properties.nl_it=COPY,XXX_ROOT_LOCATION_XXX,XXX_PLUGIN_LOCATION_XXX/org.bonitasoft.studio.properties.nl_it
fragment@org.bonitasoft.studio.diagram.form.custom.nl_it=COPY,XXX_ROOT_LOCATION_XXX,XXX_PLUGIN_LOCATION_XXX/org.bonitasoft.studio.diagram.form.custom.nl_it
fragment@org.bonitasoft.studio.repository.nl_it=COPY,XXX_ROOT_LOCATION_XXX,XXX_PLUGIN_LOCATION_XXX/org.bonitasoft.studio.repository.nl_it
fragment@org.bonitasoft.studio.connectors.evaluation.nl_it=COPY,XXX_ROOT_LOCATION_XXX,XXX_PLUGIN_LOCATION_XXX/org.bonitasoft.studio.connectors.evaluation.nl_it
fragment@org.bonitasoft.studio.console.nl_it=COPY,XXX_ROOT_LOCATION_XXX,XXX_PLUGIN_LOCATION_XXX/org.bonitasoft.studio.console.nl_it
fragment@org.bonitasoft.studio.common.nl_it=COPY,XXX_ROOT_LOCATION_XXX,XXX_PLUGIN_LOCATION_XXX/org.bonitasoft.studio.common.nl_it
fragment@org.bonitasoft.studio.jpdl.nl_it=COPY,XXX_ROOT_LOCATION_XXX,XXX_PLUGIN_LOCATION_XXX/org.bonitasoft.studio.jpdl.nl_it