fragment@org.bonitasoft.studio.groovy.nl_zh=SVN,url=https://svn.bonitasoft.org/,tag=bos-studio,path=XXX_TAG_XXX/translations/zh/org.bonitasoft.studio.groovy.nl_zh,username=hudson,password=Unph9tlVD0
fragment@org.bonitasoft.studio.repository.connectors.nl_zh=SVN,url=https://svn.bonitasoft.org/,tag=bos-studio,path=XXX_TAG_XXX/translations/zh/org.bonitasoft.studio.repository.connectors.nl_zh,username=hudson,password=Unph9tlVD0
fragment@org.bonitasoft.studio.diagram.form.properties.nl_zh=SVN,url=https://svn.bonitasoft.org/,tag=bos-studio,path=XXX_TAG_XXX/translations/zh/org.bonitasoft.studio.diagram.form.properties.nl_zh,username=hudson,password=Unph9tlVD0
fragment@org.omg.schema.spec.bpmn.nl_zh=SVN,url=https://svn.bonitasoft.org/,tag=bos-studio,path=XXX_TAG_XXX/translations/zh/org.omg.schema.spec.bpmn.nl_zh,username=hudson,password=Unph9tlVD0
fragment@org.bonitasoft.studio.exporter.nl_zh=SVN,url=https://svn.bonitasoft.org/,tag=bos-studio,path=XXX_TAG_XXX/translations/zh/org.bonitasoft.studio.exporter.nl_zh,username=hudson,password=Unph9tlVD0
fragment@org.bonitasoft.studio.repository.themes.nl_zh=SVN,url=https://svn.bonitasoft.org/,tag=bos-studio,path=XXX_TAG_XXX/translations/zh/org.bonitasoft.studio.repository.themes.nl_zh,username=hudson,password=Unph9tlVD0
fragment@org.bonitasoft.studio.intro.nl_zh=SVN,url=https://svn.bonitasoft.org/,tag=bos-studio,path=XXX_TAG_XXX/translations/zh/org.bonitasoft.studio.intro.nl_zh,username=hudson,password=Unph9tlVD0
fragment@org.bonitasoft.studio.application.nl_zh=SVN,url=https://svn.bonitasoft.org/,tag=bos-studio,path=XXX_TAG_XXX/translations/zh/org.bonitasoft.studio.application.nl_zh,username=hudson,password=Unph9tlVD0
fragment@org.bonitasoft.studio.debug.nl_zh=SVN,url=https://svn.bonitasoft.org/,tag=bos-studio,path=XXX_TAG_XXX/translations/zh/org.bonitasoft.studio.debug.nl_zh,username=hudson,password=Unph9tlVD0
fragment@org.bonitasoft.studio.preferences.nl_zh=SVN,url=https://svn.bonitasoft.org/,tag=bos-studio,path=XXX_TAG_XXX/translations/zh/org.bonitasoft.studio.preferences.nl_zh,username=hudson,password=Unph9tlVD0
fragment@org.bonitasoft.studio.connectors.wizards.java.nl_zh=SVN,url=https://svn.bonitasoft.org/,tag=bos-studio,path=XXX_TAG_XXX/translations/zh/org.bonitasoft.studio.connectors.wizards.java.nl_zh,username=hudson,password=Unph9tlVD0
fragment@org.bonitasoft.studio.connectors.nl_zh=SVN,url=https://svn.bonitasoft.org/,tag=bos-studio,path=XXX_TAG_XXX/translations/zh/org.bonitasoft.studio.connectors.nl_zh,username=hudson,password=Unph9tlVD0
fragment@org.bonitasoft.studio.engine.nl_zh=SVN,url=https://svn.bonitasoft.org/,tag=bos-studio,path=XXX_TAG_XXX/translations/zh/org.bonitasoft.studio.engine.nl_zh,username=hudson,password=Unph9tlVD0
fragment@org.bonitasoft.studio.datas.nl_zh=SVN,url=https://svn.bonitasoft.org/,tag=bos-studio,path=XXX_TAG_XXX/translations/zh/org.bonitasoft.studio.datas.nl_zh,username=hudson,password=Unph9tlVD0
fragment@org.bonitasoft.studio.presentation.nl_zh=SVN,url=https://svn.bonitasoft.org/,tag=bos-studio,path=XXX_TAG_XXX/translations/zh/org.bonitasoft.studio.presentation.nl_zh,username=hudson,password=Unph9tlVD0
fragment@org.bonitasoft.studio.profiles.nl_zh=SVN,url=https://svn.bonitasoft.org/,tag=bos-studio,path=XXX_TAG_XXX/translations/zh/org.bonitasoft.studio.profiles.nl_zh,username=hudson,password=Unph9tlVD0
fragment@org.bonitasoft.studio.model.edit.custom.nl_zh=SVN,url=https://svn.bonitasoft.org/,tag=bos-studio,path=XXX_TAG_XXX/translations/zh/org.bonitasoft.studio.model.edit.custom.nl_zh,username=hudson,password=Unph9tlVD0
fragment@org.bonitasoft.studio.decision.ui.nl_zh=SVN,url=https://svn.bonitasoft.org/,tag=bos-studio,path=XXX_TAG_XXX/translations/zh/org.bonitasoft.studio.decision.ui.nl_zh,username=hudson,password=Unph9tlVD0
fragment@org.bonitasoft.studio.xml.nl_zh=SVN,url=https://svn.bonitasoft.org/,tag=bos-studio,path=XXX_TAG_XXX/translations/zh/org.bonitasoft.studio.xml.nl_zh,username=hudson,password=Unph9tlVD0
fragment@org.bonitasoft.studio.diagram.custom.nl_zh=SVN,url=https://svn.bonitasoft.org/,tag=bos-studio,path=XXX_TAG_XXX/translations/zh/org.bonitasoft.studio.diagram.custom.nl_zh,username=hudson,password=Unph9tlVD0
fragment@org.bonitasoft.studio.common.repository.nl_zh=SVN,url=https://svn.bonitasoft.org/,tag=bos-studio,path=XXX_TAG_XXX/translations/zh/org.bonitasoft.studio.common.repository.nl_zh,username=hudson,password=Unph9tlVD0
fragment@org.bonitasoft.studio.registration.nl_zh=SVN,url=https://svn.bonitasoft.org/,tag=bos-studio,path=XXX_TAG_XXX/translations/zh/org.bonitasoft.studio.registration.nl_zh,username=hudson,password=Unph9tlVD0
fragment@org.bonitasoft.studio.validation.nl_zh=SVN,url=https://svn.bonitasoft.org/,tag=bos-studio,path=XXX_TAG_XXX/translations/zh/org.bonitasoft.studio.validation.nl_zh,username=hudson,password=Unph9tlVD0
fragment@org.bonitasoft.studio.simulation.nl_zh=SVN,url=https://svn.bonitasoft.org/,tag=bos-studio,path=XXX_TAG_XXX/translations/zh/org.bonitasoft.studio.simulation.nl_zh,username=hudson,password=Unph9tlVD0
fragment@org.bonitasoft.studio.decision.core.nl_zh=SVN,url=https://svn.bonitasoft.org/,tag=bos-studio,path=XXX_TAG_XXX/translations/zh/org.bonitasoft.studio.decision.core.nl_zh,username=hudson,password=Unph9tlVD0
fragment@org.bonitasoft.studio.groovy.ui.nl_zh=SVN,url=https://svn.bonitasoft.org/,tag=bos-studio,path=XXX_TAG_XXX/translations/zh/org.bonitasoft.studio.groovy.ui.nl_zh,username=hudson,password=Unph9tlVD0
fragment@org.bonitasoft.studio.remotedeploy.nl_zh=SVN,url=https://svn.bonitasoft.org/,tag=bos-studio,path=XXX_TAG_XXX/translations/zh/org.bonitasoft.studio.remotedeploy.nl_zh,username=hudson,password=Unph9tlVD0
fragment@org.bonitasoft.studio.importer.nl_zh=SVN,url=https://svn.bonitasoft.org/,tag=bos-studio,path=XXX_TAG_XXX/translations/zh/org.bonitasoft.studio.importer.nl_zh,username=hudson,password=Unph9tlVD0
fragment@org.bonitasoft.studio.connector.wizard.sap.nl_zh=SVN,url=https://svn.bonitasoft.org/,tag=bos-studio,path=XXX_TAG_XXX/translations/zh/org.bonitasoft.studio.connector.wizard.sap.nl_zh,username=hudson,password=Unph9tlVD0
fragment@org.bonitasoft.studio.properties.nl_zh=SVN,url=https://svn.bonitasoft.org/,tag=bos-studio,path=XXX_TAG_XXX/translations/zh/org.bonitasoft.studio.properties.nl_zh,username=hudson,password=Unph9tlVD0
fragment@org.bonitasoft.studio.diagram.form.custom.nl_zh=SVN,url=https://svn.bonitasoft.org/,tag=bos-studio,path=XXX_TAG_XXX/translations/zh/org.bonitasoft.studio.diagram.form.custom.nl_zh,username=hudson,password=Unph9tlVD0
fragment@org.bonitasoft.studio.repository.nl_zh=SVN,url=https://svn.bonitasoft.org/,tag=bos-studio,path=XXX_TAG_XXX/translations/zh/org.bonitasoft.studio.repository.nl_zh,username=hudson,password=Unph9tlVD0
fragment@org.bonitasoft.studio.userguidance.nl_zh=SVN,url=https://svn.bonitasoft.org/,tag=bos-studio,path=XXX_TAG_XXX/translations/zh/org.bonitasoft.studio.userguidance.nl_zh,username=hudson,password=Unph9tlVD0
fragment@org.bonitasoft.studio.connectors.evaluation.nl_zh=SVN,url=https://svn.bonitasoft.org/,tag=bos-studio,path=XXX_TAG_XXX/translations/zh/org.bonitasoft.studio.connectors.evaluation.nl_zh,username=hudson,password=Unph9tlVD0
fragment@org.bonitasoft.studio.console.nl_zh=SVN,url=https://svn.bonitasoft.org/,tag=bos-studio,path=XXX_TAG_XXX/translations/zh/org.bonitasoft.studio.console.nl_zh,username=hudson,password=Unph9tlVD0
fragment@org.bonitasoft.studio.common.nl_zh=SVN,url=https://svn.bonitasoft.org/,tag=bos-studio,path=XXX_TAG_XXX/translations/zh/org.bonitasoft.studio.common.nl_zh,username=hudson,password=Unph9tlVD0
fragment@org.bonitasoft.studio.jpdl.nl_zh=SVN,url=https://svn.bonitasoft.org/,tag=bos-studio,path=XXX_TAG_XXX/translations/zh/org.bonitasoft.studio.jpdl.nl_zh,username=hudson,password=Unph9tlVD0